=== audit live démarré 2026-05-25 21:20:04 ===
[21:20:04] 2voices/2nd/vt1.txt -> illegal=0
[21:20:04] 2voices/2nd/vt2.txt -> illegal=0
[21:20:04] 2voices/2nd/vt3.txt -> illegal=0
[21:20:04] 2voices/3rd/vt1.txt -> illegal=0
[21:20:04] 2voices/3rd/vt2.txt -> illegal=0
[21:20:04] 2voices/3rd/vt3.txt -> illegal=0
[21:20:04] 3voices/2nd/vt1-1.txt -> illegal=0
[21:20:04] 3voices/2nd/vt1-2.txt -> illegal=0
[21:20:04] 3voices/2nd/vt1-3.txt -> illegal=0
[21:20:04] 3voices/2nd/vt2-1.txt -> illegal=0
[21:20:04] 3voices/3rd/vt3-1.txt -> illegal=0
[21:22:04] 3voices/2nd/vt2-2.txt -> illegal=0
[21:25:04] 3voices/2nd/vt2-3.txt -> illegal=0
[21:28:04] 3voices/2nd/vt3-1.txt -> illegal=0
[21:31:04] 3voices/2nd/vt3-2.txt -> illegal=0
[21:34:04] 3voices/2nd/vt3-3.txt -> illegal=0
[21:40:04] 3voices/3rd/vt1-2.txt -> illegal=0
[21:43:04] 3voices/3rd/vt1-3.txt -> illegal=0
[21:49:04] 3voices/3rd/vt2-2.txt -> illegal=0
[21:52:04] 3voices/3rd/vt2-3.txt -> illegal=0
[21:55:04] 3voices/3rd/vt3-2.txt -> illegal=0
[21:58:04] 3voices/3rd/vt3-3.txt -> illegal=0
